// Jest Snapshot v1, https://goo.gl/fbAQLP

exports[`Main Empty page correctly renders 1`] = `
<div
  className="page page--gray page--main"
>
  <Connect(Header) />
  <main
    className="page__main page__main--index page__main--index-empty"
  >
    <h1
      className="visually-hidden"
    >
      Cities
    </h1>
    <div
      className="tabs"
    >
      <section
        className="locations container"
      >
        <ul
          className="locations__list tabs__list"
        >
          <li
            className="locations__item"
            key="Paris"
          >
            <a
              className="locations__item-link tabs__item"
              href="#"
            >
              <span>
                Paris
              </span>
            </a>
          </li>
          <li
            className="locations__item"
            key="Cologne"
          >
            <a
              className="locations__item-link tabs__item"
              href="#"
            >
              <span>
                Cologne
              </span>
            </a>
          </li>
          <li
            className="locations__item"
            key="Brussels"
          >
            <a
              className="locations__item-link tabs__item"
              href="#"
            >
              <span>
                Brussels
              </span>
            </a>
          </li>
          <li
            className="locations__item"
            key="Amsterdam"
          >
            <a
              className="locations__item-link tabs__item"
              href="#"
            >
              <span>
                Amsterdam
              </span>
            </a>
          </li>
          <li
            className="locations__item"
            key="Hamburg"
          >
            <a
              className="locations__item-link tabs__item"
              href="#"
            >
              <span>
                Hamburg
              </span>
            </a>
          </li>
          <li
            className="locations__item"
            key="Dusseldorf"
          >
            <a
              className="locations__item-link tabs__item"
              href="#"
            >
              <span>
                Dusseldorf
              </span>
            </a>
          </li>
        </ul>
      </section>
    </div>
    <div
      className="cities"
    >
      <div
        className="cities__places-container cities__places-container--empty container"
      >
        <section
          className="cities__no-places"
        >
          <div
            className="cities__status-wrapper tabs__content"
          >
            <b
              className="cities__status"
            >
              No places to stay available
            </b>
            <p
              className="cities__status-description"
            >
              We could not find any property availbale at the moment in Dusseldorf
            </p>
          </div>
        </section>
        <div
          className="cities__right-section"
        />
      </div>
    </div>
  </main>
</div>
`;
